nation,region,customer,total_no_of_orders,most_recent_order,total_price_of_orders
USA,New York,Joe Bloggs,1,2020-01-02,2321